---
source: tests/ansi.rs
description: "input: bytes b\"\\x1b[32mgreen\\x1b[0m \\x1b[31mred\\x1b[0m plain\\n\"\noptions: --ansi --delimiter   --hide-nth 2\nafter:\n  @type \"red\""
---
"                                                                                "
"                                                                                "
"                                                                                "
"                                                                                "
"                                                                                "
"                                                                                "
"                                                                                "
"                                                                                "
"                                                                                "
"                                                                                "
"                                                                                "
"                                                                                "
"                                                                                "
"                                                                                "
"                                                                                "
"                                                                                "
"                                                                                "
"                                                                                "
"                                                                                "
"                                                                                "
"                                                                                "
"> green plain                                                                   "
"  1/1                                                                        0/0"
"> red                                                                           "
cursor: (24, 6)
