---
source: tests/binds.rs
description: "input: items [\"a\", \"b\", \"c\"]\noptions: --bind start:set-query(started)"
---
"                                                                                "
"                                                                                "
"                                                                                "
"                                                                                "
"                                                                                "
"                                                                                "
"                                                                                "
"                                                                                "
"                                                                                "
"                                                                                "
"                                                                                "
"                                                                                "
"                                                                                "
"                                                                                "
"                                                                                "
"                                                                                "
"                                                                                "
"                                                                                "
"                                                                                "
"                                                                                "
"                                                                                "
"                                                                                "
"  0/3                                                                        0/0"
"> started                                                                       "
cursor: (24, 10)
