---
source: tests/binds.rs
assertion_line: 101
expression: buf + & cursor_pos
---
"                                        │new a                                  "
"                                        │                                       "
"                                        │                                       "
"                                        │                                       "
"                                        │                                       "
"                                        │                                       "
"                                        │                                       "
"                                        │                                       "
"                                        │                                       "
"                                        │                                       "
"                                        │                                       "
"                                        │                                       "
"                                        │                                       "
"                                        │                                       "
"                                        │                                       "
"                                        │                                       "
"                                        │                                       "
"                                        │                                       "
"                                        │                                       "
"  c                                     │                                       "
"  b                                     │                                       "
"> a                                     │                                       "
"  3/3                                0/0│                                       "
">                                       │                                       "
cursor: (24, 3)
