---
source: tests/binds.rs
description: "input: items [\"a\", \"b\", \"c\"]\noptions: --bind zero:set-header(none)\nafter:\n  @char 'z'"
---
"                                                                                "
"                                                                                "
"                                                                                "
"                                                                                "
"                                                                                "
"                                                                                "
"                                                                                "
"                                                                                "
"                                                                                "
"                                                                                "
"                                                                                "
"                                                                                "
"                                                                                "
"                                                                                "
"                                                                                "
"                                                                                "
"                                                                                "
"                                                                                "
"                                                                                "
"                                                                                "
"                                                                                "
"  none                                                                          "
"  0/3                                                                        0/0"
"> z                                                                             "
cursor: (24, 4)
