---
source: tests/binds.rs
expression: buf + & cursor_pos
---
"                                                                                "
"                                                                                "
"                                                                                "
"                                                                                "
"                                                                                "
"                                                                                "
"                                                                                "
"                                                                                "
"                                                                                "
"                                                                                "
"                                                                                "
"                                                                                "
"  10                                                                            "
"  19                                                                            "
"  18                                                                            "
"  17                                                                            "
"  16                                                                            "
"  15                                                                            "
"  14                                                                            "
"> 13                                                                            "
"  12                                                                            "
"  1                                                                             "
"  10/10                                                                      2/0"
">                                                                               "
cursor: (2, 23)
