---
source: tests/binds.rs
description: "input: items [\"sl\"]\noptions: --bind start:add-char(s),load:add-char(l)"
---
"                                                                                "
"                                                                                "
"                                                                                "
"                                                                                "
"                                                                                "
"                                                                                "
"                                                                                "
"                                                                                "
"                                                                                "
"                                                                                "
"                                                                                "
"                                                                                "
"                                                                                "
"                                                                                "
"                                                                                "
"                                                                                "
"                                                                                "
"                                                                                "
"                                                                                "
"                                                                                "
"                                                                                "
"> sl                                                                            "
"  1/1                                                                        0/0"
"> sl                                                                            "
cursor: (24, 5)
