---
source: tests/binds.rs
expression: h.buffer_view()
---
"                                                                                "
"                                                                                "
"                                                                                "
"                                                                                "
"                                                                                "
"                                                                                "
"                                                                                "
"                                                                                "
"                                                                                "
"                                                                                "
"                                                                                "
"                                                                                "
"  10                                                                            "
"  19                                                                            "
"  18                                                                            "
"  17                                                                            "
"  16                                                                            "
"  15                                                                            "
"  14                                                                            "
"  13                                                                            "
"  12                                                                            "
"> 1                                                                             "
"  10/10                                                                      0/0"
"> 1                                                                             "
