---
source: tests/binds.rs
expression: buf + & cursor_pos
---
"                                                                                "
"                                                                                "
"                                                                                "
"                                                                                "
"                                                                                "
"                                                                                "
"                                                                                "
"                                                                                "
"                                                                                "
"                                                                                "
"                                                                                "
"                                                                                "
"  10                                                                            "
"  9                                                                             "
"  8                                                                             "
"  7                                                                             "
"  6                                                                             "
"  5                                                                             "
"  4                                                                             "
"  3                                                                             "
"  2                                                                             "
"> 1                                                                             "
"  10/10                                                                      0/0"
">                                                                               "
cursor: (2, 23)
