---
source: tests/keys.rs
expression: h.buffer_view()
---
"  9910                                                                          "
"  9909                                                                          "
"  9908                                                                          "
"  9907                                                                          "
"  9906                                                                          "
"  9905                                                                          "
"  9904                                                                          "
"  9903                                                                          "
"  9902                                                                          "
"  9901                                                                          "
"  9900                                                                          "
"  999                                                                           "
"  998                                                                           "
"  997                                                                           "
"  996                                                                           "
"  995                                                                           "
"  994                                                                           "
"  993                                                                           "
"  992                                                                           "
"  991                                                                           "
"  990                                                                           "
"> 99                                                                            "
"  8146/100000                                                                0/0"
"> 99                                                                            "
