---
source: tests/mouse.rs
description: "input: items [\"first\", \"second\", \"third\"]\noptions: --layout reverse --preview echo preview:{}\nafter:\n  @mouse(|h| mouse_down_list_row(h, 1))"
---
">                                       │preview:second                         "
"  3/3                                1/0│                                       "
"  first                                 │                                       "
"> second                                │                                       "
"  third                                 │                                       "
"                                        │                                       "
"                                        │                                       "
"                                        │                                       "
"                                        │                                       "
"                                        │                                       "
"                                        │                                       "
"                                        │                                       "
"                                        │                                       "
"                                        │                                       "
"                                        │                                       "
"                                        │                                       "
"                                        │                                       "
"                                        │                                       "
"                                        │                                       "
"                                        │                                       "
"                                        │                                       "
"                                        │                                       "
"                                        │                                       "
"                                        │                                       "
cursor: (1, 3)
