---
source: tests/mouse.rs
description: "input: items [\"first\", \"second\", \"third\"]\noptions: --layout reverse --preview echo preview:{}"
---
">                                       │preview:first                          "
"  3/3                                0/0│                                       "
"> first                                 │                                       "
"  second                                │                                       "
"  third                                 │                                       "
"                                        │                                       "
"                                        │                                       "
"                                        │                                       "
"                                        │                                       "
"                                        │                                       "
"                                        │                                       "
"                                        │                                       "
"                                        │                                       "
"                                        │                                       "
"                                        │                                       "
"                                        │                                       "
"                                        │                                       "
"                                        │                                       "
"                                        │                                       "
"                                        │                                       "
"                                        │                                       "
"                                        │                                       "
"                                        │                                       "
"                                        │                                       "
cursor: (1, 3)
