---
source: tests/normalize.rs
expression: h.buffer_view()
---
"                                                                                "
"                                                                                "
"                                                                                "
"                                                                                "
"                                                                                "
"                                                                                "
"                                                                                "
"                                                                                "
"                                                                                "
"                                                                                "
"                                                                                "
"                                                                                "
"                                                                                "
"                                                                                "
"                                                                                "
"                                                                                "
"                                                                                "
"                                                                                "
"                                                                                "
"  tea                                                                           "
"  cafe                                                                          "
"> café                                                                          "
"  3/3                                                                        0/0"
">                                                                               "
