---
source: tests/normalize.rs
expression: buf + & cursor_pos
---
"                                                                                "
"                                                                                "
"                                                                                "
"                                                                                "
"                                                                                "
"                                                                                "
"                                                                                "
"                                                                                "
"                                                                                "
"                                                                                "
"                                                                                "
"                                                                                "
"                                                                                "
"                                                                                "
"                                                                                "
"                                                                                "
"                                                                                "
"                                                                                "
"  CAFE                                                                          "
"  Café                                                                          "
"  cafe                                                                          "
"> café                                                                          "
"  4/4                                                                        0/0"
"> cafe                                                                          "
cursor: (24, 7)
