---
source: tests/normalize.rs
expression: h.buffer_view()
---
"                                                                                "
"                                                                                "
"                                                                                "
"                                                                                "
"                                                                                "
"                                                                                "
"                                                                                "
"                                                                                "
"                                                                                "
"                                                                                "
"                                                                                "
"                                                                                "
"                                                                                "
"                                                                                "
"                                                                                "
"                                                                                "
"                                                                                "
"                                                                                "
"  grosse                                                                        "
"  größe                                                                         "
"  uber                                                                          "
"> über                                                                          "
"  4/4                                                                        0/0"
">                                                                               "
