---
source: tests/options.rs
expression: buf + & cursor_pos
---
"┌──────────────────────────────────────────────────────────────────────────────┐"
"│                                                                              │"
"│                                                                              │"
"│                                                                              │"
"│                                                                              │"
"│                                                                              │"
"│                                                                              │"
"│                                                                              │"
"│                                                                              │"
"│                                                                              │"
"│                                                                              │"
"│                                                                              │"
"│                                                                              │"
"│                                                                              │"
"│                                                                              │"
"│                                                                              │"
"│                                                                              │"
"│                                                                              │"
"│  ac                                                                          │"
"│> a                                                                           │"
"└──────────────────────────────────────────────────────────────────────────────┘"
"┌  2/4──────────────────────────────────────────────────────────────────────0/0┐"
"│> a                                                                           │"
"└──────────────────────────────────────────────────────────────────────────────┘"
cursor: (4, 22)
