---
source: tests/options.rs
expression: buf + & cursor_pos
---
">                                                                               "
"  3/3                                                                        0/0"
"  test_header                                                                   "
"> a                                                                             "
"  b                                                                             "
"  c                                                                             "
"                                                                                "
"                                                                                "
"                                                                                "
"                                                                                "
"                                                                                "
"                                                                                "
"                                                                                "
"                                                                                "
"                                                                                "
"                                                                                "
"                                                                                "
"                                                                                "
"                                                                                "
"                                                                                "
"                                                                                "
"                                                                                "
"                                                                                "
"                                                                                "
cursor: (1, 3)
