---
source: tests/options.rs
description: "input: bytes b\"a\\0b\\0c\"\noptions: --delimiter \\x00 --with-nth 2"
---
"                                                                                "
"                                                                                "
"                                                                                "
"                                                                                "
"                                                                                "
"                                                                                "
"                                                                                "
"                                                                                "
"                                                                                "
"                                                                                "
"                                                                                "
"                                                                                "
"                                                                                "
"                                                                                "
"                                                                                "
"                                                                                "
"                                                                                "
"                                                                                "
"                                                                                "
"                                                                                "
"                                                                                "
"> b                                                                             "
"  1/1                                                                        0/0"
">                                                                               "
cursor: (24, 3)
