---
source: tests/options.rs
expression: h.buffer_view()
---
">   < 3/3                                                                    0/0"
"test_header                                                                     "
"> a                                                                             "
"  b                                                                             "
"  c                                                                             "
"                                                                                "
"                                                                                "
"                                                                                "
"                                                                                "
"                                                                                "
"                                                                                "
"                                                                                "
"                                                                                "
"                                                                                "
"                                                                                "
"                                                                                "
"                                                                                "
"                                                                                "
"                                                                                "
"                                                                                "
"                                                                                "
"                                                                                "
"                                                                                "
"                                                                                "
