---
source: tests/options.rs
expression: buf + & cursor_pos
---
"                                                                                "
"                                                                                "
"                                                                                "
"                                                                                "
"                                                                                "
"                                                                                "
"                                                                                "
"                                                                                "
"                                                                                "
"                                                                                "
"                                                                                "
"                                                                                "
"                                                                                "
"                                                                                "
"                                                                                "
"                                                                                "
"                                                                                "
"                                                                                "
"                                                                                "
"                                                                                "
"                                                                                "
"> f1,f2,f3,f4                                                                   "
"  1/1                                                                        0/0"
"> 3                                                                             "
cursor: (24, 4)
