---
source: tests/options.rs
expression: h.buffer_view()
---
"                                                                                "
"                                                                                "
"                                                                                "
"                                                                                "
"                                                                                "
"                                                                                "
"                                                                                "
"                                                                                "
"                                                                                "
"                                                                                "
"                                                                                "
"                                                                                "
"                                                                                "
"                                                                                "
"                                                                                "
"                                                                                "
"                                                                                "
"                                                                                "
"                                                                                "
"  cc                                                                            "
"  bc                                                                            "
"> ac                                                                            "
"  3/3                                                                        0/0"
">                                                                               "
