---
source: tests/preview.rs
expression: h.buffer_view()
---
"                               319/1000│                                        "
"=                                      │                                        "
"=                                      │                                        "
"=                                      │                                        "
"=                                      │                                        "
"=                                      │                                        "
"=                                      │                                        "
"=                                      │                                        "
"=                                      │                                        "
"=                                      │                                        "
"=                                      │                                        "
"=                                      │                                        "
"=                                      │                                        "
"=                                      │                                        "
"=                                      │                                        "
"=                                      │                                        "
"=                                      │                                        "
"=                                      │                                        "
"=                                      │                                        "
"=                                      │                                        "
"=                                      │                                        "
"=                                      │> 123 321                               "
"=                                      │  1/1                                0/0"
"=                                      │>                                       "
