---
source: tests/preview.rs
expression: buf + & cursor_pos
---
"                               319/1000│                                        "
"=                                      │                                        "
"=                                      │                                        "
"=                                      │                                        "
"=                                      │                                        "
"=                                      │                                        "
"=                                      │                                        "
"=                                      │                                        "
"=                                      │                                        "
"=                                      │                                        "
"=                                      │                                        "
"=                                      │                                        "
"=                                      │                                        "
"=                                      │                                        "
"=                                      │                                        "
"=                                      │                                        "
"=                                      │                                        "
"=                                      │                                        "
"=                                      │                                        "
"=                                      │                                        "
"=                                      │                                        "
"=                                      │> 123 321                               "
"=                                      │  1/1                                0/0"
"=                                      │>                                       "
cursor: (24, 43)
