---
source: tests/preview.rs
expression: buf + & cursor_pos
---
"                                                                                "
"                                                                                "
"                                                                                "
"                                                                                "
"                                                                                "
"                                                                                "
"                                                                                "
"                                                                                "
"  b                                                                             "
"> a                                                                             "
"  2/2                                                                        0/0"
">                                                                               "
"────────────────────────────────────────────────────────────────────────────────"
"=                                                                               "
"=                                                                               "
"=                                                                               "
"=                                                                               "
"=                                                                               "
"=                                                                               "
"=                                                                               "
"=                                                                               "
"=                                                                               "
"=                                                                               "
"=                                                                               "
cursor: (12, 3)
