---
source: tests/preview.rs
expression: h.buffer_view()
---
"                               123/1000│                                        "
"=                                      │                                        "
"=                                      │                                        "
"=                                      │                                        "
"=                                      │                                        "
"=                                      │                                        "
"=                                      │                                        "
"=                                      │                                        "
"=                                      │                                        "
"=                                      │                                        "
"=                                      │                                        "
"=                                      │                                        "
"=                                      │                                        "
"=                                      │                                        "
"=                                      │                                        "
"=                                      │                                        "
"=                                      │                                        "
"=                                      │                                        "
"=                                      │                                        "
"=                                      │                                        "
"=                                      │  b                                     "
"=                                      │> a                                     "
"=                                      │  2/2                                0/0"
"=                                      │>                                       "
