---
source: tests/preview.rs
expression: buf + & cursor_pos
---
"                                        │00000000  27 61 00 62 27               "
"                                        │00000005                               "
"                                        │                                       "
"                                        │                                       "
"                                        │                                       "
"                                        │                                       "
"                                        │                                       "
"                                        │                                       "
"                                        │                                       "
"                                        │                                       "
"                                        │                                       "
"                                        │                                       "
"                                        │                                       "
"                                        │                                       "
"                                        │                                       "
"                                        │                                       "
"                                        │                                       "
"                                        │                                       "
"                                        │                                       "
"                                        │                                       "
"                                        │                                       "
"> ab                                    │                                       "
"  1/1                                0/0│                                       "
">                                       │                                       "
cursor: (2, 23)
