---
source: tests/split_match.rs
expression: buf + & cursor_pos
---
"                                                                                "
"                                                                                "
"                                                                                "
"                                                                                "
"                                                                                "
"                                                                                "
"                                                                                "
"                                                                                "
"                                                                                "
"                                                                                "
"                                                                                "
"                                                                                "
"                                                                                "
"                                                                                "
"                                                                                "
"                                                                                "
"                                                                                "
"                                                                                "
"  fbaz:boo                                                                      "
"  baz:foo                                                                       "
"  foo:qux                                                                       "
"> foo:bar                                                                       "
"  4/5                                                                        0/0"
"> foo                                                                           "
cursor: (24, 6)
