---
source: tests/split_match.rs
expression: buf + & cursor_pos
---
"                                                                                "
"                                                                                "
"                                                                                "
"                                                                                "
"                                                                                "
"                                                                                "
"                                                                                "
"                                                                                "
"                                                                                "
"                                                                                "
"                                                                                "
"                                                                                "
"                                                                                "
"                                                                                "
"                                                                                "
"                                                                                "
"                                                                                "
"                                                                                "
"                                                                                "
"  a:bc:cd                                                                       "
"  x:y:z                                                                         "
"> a:b:c                                                                         "
"  3/3                                                                        0/0"
">                                                                               "
cursor: (24, 3)
