---
source: tests/tiebreak.rs
expression: buf + & cursor_pos
---
"                                                                                "
"                                                                                "
"                                                                                "
"                                                                                "
"                                                                                "
"                                                                                "
"                                                                                "
"                                                                                "
"                                                                                "
"                                                                                "
"                                                                                "
"                                                                                "
"                                                                                "
"                                                                                "
"                                                                                "
"                                                                                "
"                                                                                "
"  a                                                                             "
"  b                                                                             "
"  c                                                                             "
"  ab                                                                            "
"> ac                                                                            "
"  5/5                                                                        0/0"
">                                                                               "
cursor: (24, 3)
