---
source: tests/tiebreak.rs
expression: buf + & cursor_pos
---
"                                                                                "
"                                                                                "
"                                                                                "
"                                                                                "
"                                                                                "
"                                                                                "
"                                                                                "
"                                                                                "
"                                                                                "
"                                                                                "
"                                                                                "
"                                                                                "
"                                                                                "
"                                                                                "
"                                                                                "
"                                                                                "
"                                                                                "
"  aaba                                                                          "
"  aba                                                                           "
"  ac                                                                            "
"  c                                                                             "
"> b                                                                             "
"  5/5                                                                        0/0"
">                                                                               "
cursor: (2, 23)
