---
source: tests/tiebreak.rs
expression: h.buffer_view()
---
"                                                                                "
"                                                                                "
"                                                                                "
"                                                                                "
"                                                                                "
"                                                                                "
"                                                                                "
"                                                                                "
"                                                                                "
"                                                                                "
"                                                                                "
"                                                                                "
"                                                                                "
"                                                                                "
"                                                                                "
"                                                                                "
"                                                                                "
"  ac                                                                            "
"  aaba                                                                          "
"  c                                                                             "
"  b                                                                             "
"> aba                                                                           "
"  5/5                                                                        0/0"
">                                                                               "
